
*** Yes
> > > > > > > > > 
*** Yes
> 
*** Yes
> > > > 
*** Yes
> 
*** Yes
> > > > 
*** Yes
> 
*** Yes
> > 
*** Yes
A = [1,2,3,4], B = [1,2,3,4].
--1> > 
*** Yes
A = @, B = @~, C = @.
--1> 
*** Yes
A = [1,2|@], B = [1,2], C = @.
----2> > 
*** Yes
A = @, B = [], C = @.
--1> 
*** Yes
A = [@|@], B = [@], C = @.
--1> 
*** Yes
A = [@,@|@], B = [@,@], C = @.
--1> 
*** No
> > > 
