
*** Yes
> > 
*** Yes
A = @~, B = @, C = @.
--1> 
*** Yes
A = [1,2], B = @, C = [1,2|@].
----2> 
*** Yes
A = [1,2], B = [], C = [1,2].
------3> 
*** No
----2> 
*** No
--1> 
*** Yes
A = [1,2|@~], B = @~, C = [1,2|@].
----2> 
*** Yes
A = [1,2,3,4], B = [3,4], C = [1,2,3,4,3,4].
------3> > 
*** Yes
A = @~, B = @, C = @.
--1> 
*** Yes
A = [1,2], B = @, C = [1,2|@].
----2> 
*** Yes
A = [1,2], B = [], C = [1,2].
------3> 
*** No
----2> 
*** No
--1> 
*** Yes
A = [1,2|@~], B = @~, C = [1,2|@].
----2> 
*** Yes
A = [1,2,3,4], B = [3,4], C = [1,2,3,4,3,4].
------3> > 
*** Yes
A = [], B = @, C = @.
--1> 
*** Yes
A = [@], B = @, C = [@|@].
--1> 
*** Yes
A = [@,@], B = @, C = [@,@|@].
--1> 
*** Yes
A = [@,@,@], B = @, C = [@,@,@|@].
--1> 
*** Yes
A = [@,@,@,@], B = @, C = [@,@,@,@|@].
--1> 
*** No
--1> 
*** Yes
A = [1,2,3,4], B = @, C = [1,2,3,4|@].
----2> 
*** No
--1> 
*** No
> 
*** Yes
A = [], B = @, C = @.
--1> 
*** No
--1> 
*** No
> 
*** Yes
A = [], B = [1,2,3,4,5].
--1> 
*** Yes
A = [1], B = [2,3,4,5].
--1> 
*** Yes
A = [1,2], B = [3,4,5].
--1> 
*** Yes
A = [1,2,3], B = [4,5].
--1> 
*** Yes
A = [1,2,3,4], B = [5].
--1> 
*** Yes
A = [1,2,3,4,5], B = [].
--1> 
*** No
> 
*** Yes
A = @~, B = @~, C = @~.
--1> 
*** Yes
A = [1,2], B = @, C = @~.
----2> 
*** Yes
A = [1~,2], B = @, C = [1~,2].
------3> 
*** Yes
A = [1~,2], B = [], C = [1~,2].
--------4> 
*** Yes
A = [1,2], B = [], C = [1,2].
----------5> > 
*** Yes
A = @~, B = @~, C = @~.
--1> 
*** Yes
A = [], B = @~, C = @~.
----2> 
*** Yes
A = [], B = @, C = @.
------3> > 
*** Yes
A = @~, B = @~, C = @~.
--1> 
*** Yes
A = @~, B = @~, C = @~.
----2> 
*** Yes
A = @~, B = [2,3], C = @~.
------3> 
*** Yes
A = [5,4|@~], B = [2,3], C = [5,4|@~], X = @~.
--------4> 
*** No
--------4> 
*** No
------3> 
*** No
----2> 
*** Yes
A = [7,8|@~], B = @~, C = [7,8|@~], X = @~.
------3> 
*** Yes
A = [7,8|@~], B = @~, C = [7,8|@~], X = @~.
--------4> 
*** Yes
A = [7,8], B = [], C = [7,8], X = [].
----------5> > 
*** Yes
A = @~, B = @, C = @.
--1> 
*** Yes
A = [1,2|@], B = @~, C = @, X = @.
----2> 
*** Yes
A = [1,2|@~], B = list, C = [1,2|@], X = @~.
------3> 
*** Yes
A = [1,2], B = list, C = [1,2|list], X = [].
--------4> 
*** No
------3> 
*** No
----2> 
*** No
--1> 
*** Yes
A = [1,2], B = [4,3], C = [1,2,4,3].
----2> > 
