
*** Yes
> > 
*** Yes
A = *(23).
--1> 
*** Yes
A = *(23), B = 299.
----2> 
*** No
--1> 
*** No
> 
*** Yes
A = *(2 => 100).
--1> 
*** Yes
A = *(2 => 100), B = 1200.
----2> 
*** No
--1> 
*** No
> 
*** Yes
A = +(34).
--1> 
*** No
> 
*** Yes
A = -34.
--1> 
*** No
> 
*** Yes
A = +(2 => 23).
--1> 
*** Yes
A = +(2 => 23), B = 123.
----2> 
*** No
--1> 
*** No
> 
*** Yes
A = -(2 => 34).
--1> 
*** Yes
A = -(2 => 34), B = 66.
----2> 
*** No
--1> 
*** No
> 
*** Yes
A = /(100).
--1> 
*** Yes
A = /(100), B = 33.3333.
----2> 
*** No
--1> 
*** No
> 
*** Yes
A = /(2 => 100).
--1> 
*** Yes
A = /(2 => 100), B = 0.04.
----2> 
*** No
--1> 
*** No
> 
*** Yes
A = *(10).
--1> 
*** Yes
A = *(10), B = real~, X = real~.
----2> 
*** Yes
A = *(10), B = 40, X = 4.
------3> 
*** No
----2> 
*** Yes
A = *(10), B = 50, X = 5.
------3> 
*** No
----2> 
*** No
--1> 
*** No
> 
*** Yes
A = /(10).
--1> 
*** Yes
A = /(10), B = real~, X = real~.
----2> 
*** Yes
A = /(10), B = 1, X = 10.
------3> 
*** No
----2> 
*** Yes
A = /(10), B = 10, X = 1.
------3> 
*** No
----2> 
*** No
--1> 
*** No
> 
