
*** Yes
> > 
*** Yes
A = *(23).
--1> 
*** No
--1> 
*** No
> > 
*** Yes
A = *(2 => 100).
--1> 
*** No
--1> 
*** No
> > 
*** Yes
A = +(34).
--1> 
*** No
> 
*** Yes
A = -34.
--1> 
*** No
> 
*** Yes
A = +(2 => 23).
--1> 
*** No
--1> 
*** No
> > 
*** Yes
A = -(2 => 34).
--1> 
*** No
--1> 
*** No
> > 
*** Yes
A = /(100).
--1> 
*** No
--1> 
*** No
> > 
*** Yes
A = /(2 => 100).
--1> 
*** No
--1> 
*** No
> > 
*** Yes
A = *(10).
--1> 
*** No
--1> 
*** Yes
A = *(10), X = 4.
----2> 
*** No
--1> 
*** No
--1> 
*** No
> > > 
*** Yes
A = /(10).
--1> 
*** No
--1> 
*** Yes
A = /(10), X = 10.
----2> 
*** No
--1> 
*** No
--1> 
*** No
> > > 
