
*** Yes
> > 
*** Yes
--1> 
*** Yes
X = !.
----2> 
*** Yes
X = !, Y = !.
------3> 
