
*** Yes
> > N=?2 3 5 7 11 13 17 19 


@(2 => prime(2),
  3 => prime(3),
  4 => multiple_of(2),
  5 => prime(5),
  6 => multiple_of(3),
  7 => prime(7),
  8 => multiple_of(2),
  9 => multiple_of(3),
  10 => multiple_of(5),
  11 => prime(11),
  12 => multiple_of(3),
  13 => prime(13),
  14 => multiple_of(7),
  15 => multiple_of(5),
  16 => multiple_of(2),
  17 => prime(17),
  18 => multiple_of(3),
  19 => prime(19))
*** Yes
--1> N=?
*** No
--1> 
*** No
> N=?2 3 5 7 11 13 17 19 23 29 31 37 41 43 47 53 59 61 67 71 73 79 83 89 97 


@(2 => prime(2),
  3 => prime(3),
  4 => multiple_of(2),
  5 => prime(5),
  6 => multiple_of(3),
  7 => prime(7),
  8 => multiple_of(2),
  9 => multiple_of(3),
  10 => multiple_of(5),
  11 => prime(11),
  12 => multiple_of(3),
  13 => prime(13),
  14 => multiple_of(7),
  15 => multiple_of(5),
  16 => multiple_of(2),
  17 => prime(17),
  18 => multiple_of(3),
  19 => prime(19),
  20 => multiple_of(5),
  21 => multiple_of(7),
  22 => multiple_of(11),
  23 => prime(23),
  24 => multiple_of(3),
  25 => multiple_of(5),
  26 => multiple_of(13),
  27 => multiple_of(3),
  28 => multiple_of(7),
  29 => prime(29),
  30 => multiple_of(5),
  31 => prime(31),
  32 => multiple_of(2),
  33 => multiple_of(11),
  34 => multiple_of(17),
  35 => multiple_of(7),
  36 => multiple_of(3),
  37 => prime(37),
  38 => multiple_of(19),
  39 => multiple_of(13),
  40 => multiple_of(5),
  41 => prime(41),
  42 => multiple_of(7),
  43 => prime(43),
  44 => multiple_of(11),
  45 => multiple_of(5),
  46 => multiple_of(23),
  47 => prime(47),
  48 => multiple_of(3),
  49 => multiple_of(7),
  50 => multiple_of(5),
  51 => multiple_of(17),
  52 => multiple_of(13),
  53 => prime(53),
  54 => multiple_of(3),
  55 => multiple_of(11),
  56 => multiple_of(7),
  57 => multiple_of(19),
  58 => multiple_of(29),
  59 => prime(59),
  60 => multiple_of(5),
  61 => prime(61),
  62 => multiple_of(31),
  63 => multiple_of(7),
  64 => multiple_of(2),
  65 => multiple_of(13),
  66 => multiple_of(11),
  67 => prime(67),
  68 => multiple_of(17),
  69 => multiple_of(23),
  70 => multiple_of(7),
  71 => prime(71),
  72 => multiple_of(3),
  73 => prime(73),
  74 => multiple_of(37),
  75 => multiple_of(5),
  76 => multiple_of(19),
  77 => multiple_of(11),
  78 => multiple_of(13),
  79 => prime(79),
  80 => multiple_of(5),
  81 => multiple_of(3),
  82 => multiple_of(41),
  83 => prime(83),
  84 => multiple_of(7),
  85 => multiple_of(17),
  86 => multiple_of(43),
  87 => multiple_of(29),
  88 => multiple_of(11),
  89 => prime(89),
  90 => multiple_of(5),
  91 => multiple_of(13),
  92 => multiple_of(23),
  93 => multiple_of(31),
  94 => multiple_of(47),
  95 => multiple_of(19),
  96 => multiple_of(3),
  97 => prime(97),
  98 => multiple_of(7),
  99 => multiple_of(11))
*** Yes
--1> 
