
*** Yes
> > Enter N: Factorial = 1

*** Yes
> Enter N: Factorial = 1

*** Yes
> Enter N: Factorial = 2

*** Yes
> Enter N: Factorial = 2432902008176640000

*** Yes
> Enter N: Factorial = 93326215443944152681699238856266700490715968264381621468592963895217599993229915608941463976156518286253697920827223758251185210916864000000000000000000000000

*** Yes
> Enter N: Factorial = 57133839564458545904789328652610540031895535786011264182548375833179829124845398393126574488675311145377107878746854204162666250198684504466355949195922066574942592095735778929325357290444962472405416790722118445437122269675520000000000000000000000000000000000000

*** Yes
> > Enter N: Factorial = 1

*** Yes
> Enter N: Factorial = 1

*** Yes
> Enter N: Factorial = 2

*** Yes
> Enter N: Factorial = 2432902008176640000

*** Yes
> Enter N: Factorial = 93326215443944152681699238856266700490715968264381621468592963895217599993229915608941463976156518286253697920827223758251185210916864000000000000000000000000

*** Yes
> Enter N: Factorial = 57133839564458545904789328652610540031895535786011264182548375833179829124845398393126574488675311145377107878746854204162666250198684504466355949195922066574942592095735778929325357290444962472405416790722118445437122269675520000000000000000000000000000000000000

*** Yes
> > Enter N: Factorial = 1

*** Yes
> Enter N: Factorial = 1

*** Yes
> Enter N: Factorial = 2

*** Yes
> Enter N: Factorial = 2432902008176640000

*** Yes
> Enter N: Factorial = 93326215443944152681699238856266700490715968264381621468592963895217599993229915608941463976156518286253697920827223758251185210916864000000000000000000000000

*** Yes
> Enter N: Factorial = 57133839564458545904789328652610540031895535786011264182548375833179829124845398393126574488675311145377107878746854204162666250198684504466355949195922066574942592095735778929325357290444962472405416790722118445437122269675520000000000000000000000000000000000000

*** Yes
> > Enter N: Factorial = 1

*** Yes
> Enter N: Factorial = 1

*** Yes
> Enter N: Factorial = 2

*** Yes
> Enter N: Factorial = 2432902008176640000

*** Yes
> Enter N: Factorial = 93326215443944152681699238856266700490715968264381621468592963895217599993229915608941463976156518286253697920827223758251185210916864000000000000000000000000

*** Yes
> Enter N: Factorial = 57133839564458545904789328652610540031895535786011264182548375833179829124845398393126574488675311145377107878746854204162666250198684504466355949195922066574942592095735778929325357290444962472405416790722118445437122269675520000000000000000000000000000000000000

*** Yes
> 
