
*** Yes
> > 
*** Yes
A = 1.
--1> 
*** Yes
A = 1, B = 1.
----2> 
*** Yes
A = 1, B = 1, C = 1.
------3> 
*** Yes
A = 1, B = 1, C = 1, D = 1.
--------4> 
*** Yes
A = 1, B = 1, C = 1, D = 1, E = 23.3.
----------5> 
*** Yes
A = 1, B = 1, C = 1, D = 1, E = 23.3, F = 23.3.
------------6> 
*** Yes
A = 1, B = 1, C = 1, D = 1, E = 23.3, F = 23.3, G = "232".
--------------7> 
*** Yes
A = 1, B = 1, C = 1, D = 1, E = 23.3, F = 23.3, G = "232", H = "232".
----------------8> 
*** Yes
A = 1, B = 1, C = 1, D = 1, E = 23.3, F = 23.3, G = "232", H = "232", I = "232".
------------------9> 
*** No
------------------9> 
*** No
------------------9> 
*** Yes
A = 1, 
B = 1, 
C = 1, 
D = 1, 
E = 23.3, 
F = 23.3, 
G = "232", 
H = "232", 
I = "232", 
L = 1.

--------------------10> 
*** Yes
A = 1, 
B = 1, 
C = 1, 
D = 1, 
E = 23.3, 
F = 23.3, 
G = "232", 
H = "232", 
I = "232", 
L = 1, 
M = int.

----------------------11> 
*** Yes
A = 1, 
B = 1, 
C = 1, 
D = 1, 
E = 23.3, 
F = 23.3, 
G = "232", 
H = "232", 
I = "232", 
L = 1, 
M = int, 
N = int.

------------------------12> 
*** Yes
A = 1, 
B = 1, 
C = 1, 
D = 1, 
E = 23.3, 
F = 23.3, 
G = "232", 
H = "232", 
I = "232", 
L = 1, 
M = int, 
N = int, 
O = string.

--------------------------13> 
*** Yes
A = 1, 
B = 1, 
C = 1, 
D = 1, 
E = 23.3, 
F = 23.3, 
G = "232", 
H = "232", 
I = "232", 
L = 1, 
M = int, 
N = int, 
O = string, 
P = int.

----------------------------14> 
*** Yes
A = 1, 
B = 1, 
C = 1, 
D = 1, 
E = 23.3, 
F = 23.3, 
G = "232", 
H = "232", 
I = "232", 
L = 1, 
M = int, 
N = int, 
O = string, 
P = int, 
Q = real.

------------------------------15> 
*** No
------------------------------15> 
*** No
------------------------------15> 
*** Yes
A = 1, 
B = 1, 
C = 1, 
D = 1, 
E = 23.3, 
F = 23.3, 
G = "232", 
H = "232", 
I = "232", 
L = 1, 
M = int, 
N = int, 
O = string, 
P = int, 
Q = real, 
T = 23.

--------------------------------16> 
*** Yes
A = 1, 
B = 1, 
C = 1, 
D = 1, 
E = 23.3, 
F = 23.3, 
G = "232", 
H = "232", 
I = "232", 
L = 1, 
M = int, 
N = int, 
O = string, 
P = int, 
Q = real, 
T = 23, 
U = 23.

----------------------------------17> 
*** Yes
A = 1, 
B = 1, 
C = 1, 
D = 1, 
E = 23.3, 
F = 23.3, 
G = "232", 
H = "232", 
I = "232", 
L = 1, 
M = int, 
N = int, 
O = string, 
P = int, 
Q = real, 
T = 23, 
U = 23, 
V = 23.3.

------------------------------------18> 
*** Yes
A = 1, 
B = 1, 
C = 1, 
D = 1, 
E = 23.3, 
F = 23.3, 
G = "232", 
H = "232", 
I = "232", 
L = 1, 
M = int, 
N = int, 
O = string, 
P = int, 
Q = real, 
T = 23, 
U = 23, 
V = 23.3, 
W = 23.3.

--------------------------------------19> 
*** Yes
A = 1, 
B = 1, 
C = 1, 
D = 1, 
E = 23.3, 
F = 23.3, 
G = "232", 
H = "232", 
I = "232", 
L = 1, 
M = int, 
N = int, 
O = string, 
P = int, 
Q = real, 
T = 23, 
U = 23, 
V = 23.3, 
W = 23.3, 
X = "23".

----------------------------------------20> 
*** Yes
A = 1, 
B = 1, 
C = 1, 
D = 1, 
E = 23.3, 
F = 23.3, 
G = "232", 
H = "232", 
I = "232", 
L = 1, 
M = int, 
N = int, 
O = string, 
P = int, 
Q = real, 
T = 23, 
U = 23, 
V = 23.3, 
W = 23.3, 
X = "23", 
Y = "23".

------------------------------------------21> 
*** Yes
A = 1, 
B = 1, 
C = 1, 
D = 1, 
E = 23.3, 
F = 23.3, 
G = "232", 
H = "232", 
I = "232", 
L = 1, 
M = int, 
N = int, 
O = string, 
P = int, 
Q = real, 
T = 23, 
U = 23, 
V = 23.3, 
W = 23.3, 
X = "23", 
Y = "23", 
Z = [].

--------------------------------------------22> 
*** Yes
A = 1, 
AA = [], 
B = 1, 
C = 1, 
D = 1, 
E = 23.3, 
F = 23.3, 
G = "232", 
H = "232", 
I = "232", 
L = 1, 
M = int, 
N = int, 
O = string, 
P = int, 
Q = real, 
T = 23, 
U = 23, 
V = 23.3, 
W = 23.3, 
X = "23", 
Y = "23", 
Z = [].

----------------------------------------------23> 
*** Yes
A = 1, 
AA = [], 
AB = cons, 
B = 1, 
C = 1, 
D = 1, 
E = 23.3, 
F = 23.3, 
G = "232", 
H = "232", 
I = "232", 
L = 1, 
M = int, 
N = int, 
O = string, 
P = int, 
Q = real, 
T = 23, 
U = 23, 
V = 23.3, 
W = 23.3, 
X = "23", 
Y = "23", 
Z = [].

------------------------------------------------24> 
*** Yes
A = 1, 
AA = [], 
AB = cons, 
AC = cons, 
B = 1, 
C = 1, 
D = 1, 
E = 23.3, 
F = 23.3, 
G = "232", 
H = "232", 
I = "232", 
L = 1, 
M = int, 
N = int, 
O = string, 
P = int, 
Q = real, 
T = 23, 
U = 23, 
V = 23.3, 
W = 23.3, 
X = "23", 
Y = "23", 
Z = [].

--------------------------------------------------25> 
*** Yes
A = 1, 
AA = [], 
AB = cons, 
AC = cons, 
AD = cons, 
B = 1, 
C = 1, 
D = 1, 
E = 23.3, 
F = 23.3, 
G = "232", 
H = "232", 
I = "232", 
L = 1, 
M = int, 
N = int, 
O = string, 
P = int, 
Q = real, 
T = 23, 
U = 23, 
V = 23.3, 
W = 23.3, 
X = "23", 
Y = "23", 
Z = [].

----------------------------------------------------26> 
*** No
----------------------------------------------------26> 
*** No
----------------------------------------------------26> 
*** Yes
A = 1, 
AA = [], 
AB = cons, 
AC = cons, 
AD = cons, 
AG = [], 
B = 1, 
C = 1, 
D = 1, 
E = 23.3, 
F = 23.3, 
G = "232", 
H = "232", 
I = "232", 
L = 1, 
M = int, 
N = int, 
O = string, 
P = int, 
Q = real, 
T = 23, 
U = 23, 
V = 23.3, 
W = 23.3, 
X = "23", 
Y = "23", 
Z = [].

------------------------------------------------------27> 
*** Yes
A = 1, 
AA = [], 
AB = cons, 
AC = cons, 
AD = cons, 
AG = [], 
AH = list, 
B = 1, 
C = 1, 
D = 1, 
E = 23.3, 
F = 23.3, 
G = "232", 
H = "232", 
I = "232", 
L = 1, 
M = int, 
N = int, 
O = string, 
P = int, 
Q = real, 
T = 23, 
U = 23, 
V = 23.3, 
W = 23.3, 
X = "23", 
Y = "23", 
Z = [].

--------------------------------------------------------28> 
*** Yes
A = 1, 
AA = [], 
AB = cons, 
AC = cons, 
AD = cons, 
AG = [], 
AH = list, 
AI = list, 
B = 1, 
C = 1, 
D = 1, 
E = 23.3, 
F = 23.3, 
G = "232", 
H = "232", 
I = "232", 
L = 1, 
M = int, 
N = int, 
O = string, 
P = int, 
Q = real, 
T = 23, 
U = 23, 
V = 23.3, 
W = 23.3, 
X = "23", 
Y = "23", 
Z = [].

----------------------------------------------------------29> 
*** Yes
A = 1, 
AA = [], 
AB = cons, 
AC = cons, 
AD = cons, 
AG = [], 
AH = list, 
AI = list, 
AJ = list, 
B = 1, 
C = 1, 
D = 1, 
E = 23.3, 
F = 23.3, 
G = "232", 
H = "232", 
I = "232", 
L = 1, 
M = int, 
N = int, 
O = string, 
P = int, 
Q = real, 
T = 23, 
U = 23, 
V = 23.3, 
W = 23.3, 
X = "23", 
Y = "23", 
Z = [].

------------------------------------------------------------30> 
*** No
------------------------------------------------------------30> 
*** No
------------------------------------------------------------30> 
*** Yes
A = 1, 
AA = [], 
AB = cons, 
AC = cons, 
AD = cons, 
AG = [], 
AH = list, 
AI = list, 
AJ = list, 
AM = disj, 
B = 1, 
C = 1, 
D = 1, 
E = 23.3, 
F = 23.3, 
G = "232", 
H = "232", 
I = "232", 
L = 1, 
M = int, 
N = int, 
O = string, 
P = int, 
Q = real, 
T = 23, 
U = 23, 
V = 23.3, 
W = 23.3, 
X = "23", 
Y = "23", 
Z = [].

--------------------------------------------------------------31> 
*** Yes
A = 1, 
AA = [], 
AB = cons, 
AC = cons, 
AD = cons, 
AG = [], 
AH = list, 
AI = list, 
AJ = list, 
AM = disj, 
AN = built_in, 
B = 1, 
C = 1, 
D = 1, 
E = 23.3, 
F = 23.3, 
G = "232", 
H = "232", 
I = "232", 
L = 1, 
M = int, 
N = int, 
O = string, 
P = int, 
Q = real, 
T = 23, 
U = 23, 
V = 23.3, 
W = 23.3, 
X = "23", 
Y = "23", 
Z = [].

----------------------------------------------------------------32> 
*** Yes
A = 1, 
AA = [], 
AB = cons, 
AC = cons, 
AD = cons, 
AG = [], 
AH = list, 
AI = list, 
AJ = list, 
AM = disj, 
AN = built_in, 
AO = 12.2, 
B = 1, 
C = 1, 
D = 1, 
E = 23.3, 
F = 23.3, 
G = "232", 
H = "232", 
I = "232", 
L = 1, 
M = int, 
N = int, 
O = string, 
P = int, 
Q = real, 
T = 23, 
U = 23, 
V = 23.3, 
W = 23.3, 
X = "23", 
Y = "23", 
Z = [].

------------------------------------------------------------------33> 
*** No
------------------------------------------------------------------33> 
*** No
------------------------------------------------------------------33> 
*** No
------------------------------------------------------------------33> 
