
*** Yes
> > 
*** Yes
C = @(get => [],put => []).
--1> 
*** Yes
C = @(get => [],put => [@]), X1 = @.
----2> 
*** Yes
C = @(get => [],put => [@,@]), X1 = @, X2 = @.
------3> 
*** Yes
C = @(get => [],put => [@]), X1 = @, X2 = @, Y2 = @.
--------4> 
*** Yes
C = @(get => [],put => []), X1 = @, X2 = @, Y1 = @, Y2 = @.
----------5> 
*** Yes
C = @(get => [@],put => []), X1 = @, X2 = @, Y1 = @, Y2 = @, Y3 = @.
------------6> 
*** Yes
C = @(get => [@,@],put => []), X1 = @, X2 = @, Y1 = @, Y2 = @, Y3 = @, Y4 = @.
--------------7> 
*** Yes
C = @(get => [@],put => []), 
X1 = @, 
X2 = @, 
X4 = @, 
Y1 = @, 
Y2 = @, 
Y3 = @, 
Y4 = @.

----------------8> 
*** Yes
C = @(get => [@,@],put => []), 
X1 = @, 
X2 = @, 
X4 = @, 
Y1 = @, 
Y2 = @, 
Y3 = @, 
Y4 = @, 
Y5 = @.

------------------9> 
*** Yes
C = @(get => [@,@],put => []), 
D = @(get => [],put => []), 
X1 = @, 
X2 = @, 
X4 = @, 
Y1 = @, 
Y2 = @, 
Y3 = @, 
Y4 = @, 
Y5 = @.

--------------------10> 
*** Yes
C = @(get => [@,@],put => []), 
D = @(get => [],put => [@]), 
X1 = @, 
X2 = @, 
X4 = @, 
Y1 = @, 
Y2 = @, 
Y3 = @, 
Y4 = @, 
Y5 = @.

----------------------11> 
*** Yes
C = @(get => [@,@,@],put => []), 
D = @(get => [],put => [@]), 
X1 = @, 
X2 = @, 
X4 = @, 
Y1 = @, 
Y2 = @, 
Y3 = @, 
Y4 = @, 
Y5 = @, 
Y6 = @.

------------------------12> 
*** Yes
C = @(get => [@,@],put => []), 
D = @(get => [],put => [@]), 
X1 = @, 
X2 = @, 
X4 = @, 
X6 = @, 
Y1 = @, 
Y2 = @, 
Y3 = @, 
Y4 = @, 
Y5 = @, 
Y6 = @.

--------------------------13> 
*** Yes
C = @(get => [@,@],put => []), 
D = @(get => [],put => []), 
X1 = @, 
X2 = @, 
X4 = @, 
X6 = @, 
Y1 = @, 
Y2 = @, 
Y3 = @, 
Y4 = @, 
Y5 = @, 
Y6 = @.

----------------------------14> 
*** Yes
C = @(get => [@,@],put => []), 
D = @(get => [],put => [@]), 
X1 = @, 
X2 = @, 
X4 = @, 
X6 = @, 
Y1 = @, 
Y2 = @, 
Y3 = @, 
Y4 = @, 
Y5 = @, 
Y6 = @.

------------------------------15> 
*** Yes
C = @(get => [@],put => []), 
D = @(get => [],put => [@]), 
X1 = @, 
X2 = @, 
X4 = @, 
X5 = @, 
X6 = @, 
Y1 = @, 
Y2 = @, 
Y3 = @, 
Y4 = @, 
Y5 = @, 
Y6 = @.

--------------------------------16> 
*** Yes
C = @(get => [@],put => []), 
D = @(get => [],put => []), 
X1 = @, 
X2 = @, 
X4 = @, 
X5 = @, 
X6 = @, 
Y1 = @, 
Y2 = @, 
Y3 = @, 
Y4 = @, 
Y5 = @, 
Y6 = @.

----------------------------------17> 
*** Yes
C = @(get => [],put => []), 
D = @(get => [],put => []), 
X1 = @, 
X2 = @, 
X3 = @, 
X4 = @, 
X5 = @, 
X6 = @, 
Y1 = @, 
Y2 = @, 
Y3 = @, 
Y4 = @, 
Y5 = @, 
Y6 = @.

------------------------------------18> > 
*** Yes
C = @(get => [],put => []).
--1> 
*** Yes
C = @(get => [],put => []), D = @(get => [],put => []).
----2> 
*** Yes
C = @(get => [@],put => []), D = @(get => [],put => []), Y2 = @.
------3> 
*** Yes
C = @(get => [@,@],put => []), D = @(get => [],put => []), Y1 = @, Y2 = @.
--------4> 
*** Yes
C = @(get => [@,@],put => []), 
D = @(get => [],put => [@]), 
X2 = @, 
Y1 = @, 
Y2 = @.

----------5> 
*** Yes
C = @(get => [@],put => []), 
D = @(get => [],put => [@]), 
X2 = @, 
X5 = @, 
Y1 = @, 
Y2 = @.

------------6> 
*** Yes
C = @(get => [@],put => []), 
D = @(get => [],put => []), 
X1 = @, 
X2 = @, 
X5 = @, 
Y1 = @, 
Y2 = @.

--------------7> 
