
*** Yes
> > 
*** Yes
A = abc, B = cons, C = 5.67.
--1> 
*** No
> 
