
*** Yes
> > 
*** Yes
A = 1.
--1> 1
*** Yes
A = 1.
----2> 
*** Yes
A = 1, B = 5.
------3> 
*** No
----2> 2
*** Yes
A = 1.
----2> 3
*** Yes
A = 1.
--1> 
*** No
> > 
***************
*** Yes
> 1
*** Yes
--1> 
*** Yes
B = 5.
----2> 
*** No
--1> 2
*** Yes
--1> 3
*** Yes
> > 
***************
*** Yes
> 
*** Yes
A = 1.
--1> 1
*** Yes
A = 1.
----2> 
*** Yes
A = 1.
----2> 2
*** Yes
A = 1.
----2> 3
*** Yes
A = 1.
--1> 
*** No
> > 
***************
*** Yes
> 
*** Yes
A = 1.
--1> 
*** Yes
A = 1, X = 1.
----2> 
*** Yes
A = 1, B = 5, X = 1.
------3> 
*** No
----2> 
*** Yes
A = 1, X = 2.
----2> 
*** Yes
A = 1, X = 3.
----2> 
*** No
--1> 
*** No
> > 
***************
*** Yes
> 
*** Yes
A = 1.
--1> 
*** Yes
A = 1, X = 1.
----2> 
*** Yes
A = 1, X = 1.
----2> 
*** Yes
A = 1, X = 2.
----2> 
*** Yes
A = 1, X = 3.
----2> 
*** No
--1> 
*** No
> > 
***************
*** Yes
> 
*** Yes
X = 1.
--1> 
*** Yes
B = 5, X = 1.
----2> 
*** No
--1> 
*** Yes
X = 2.
--1> 
*** Yes
X = 3.
--1> 
*** No
> > 
***************
*** Yes
> 
*** Yes
X = 1.
--1> 
*** Yes
X = 1.
--1> 
*** Yes
X = 2.
--1> 
*** Yes
X = 3.
--1> 
*** No
> > 
