
*** Yes
> > 
*** Yes
> 
*** Yes
> 1  2  3  
*** No
> 
