
*** Yes
> > 
*** Yes
X = 3.
--1> 
*** Yes
X = 3, Y = 1 + 2.
----2> 
*** Yes
X = 3, Y = 1 + 2, Z = 3.
------3> 
