
*** Yes
> > 
*** Yes
> 
*** Yes
A = @~.
--1> @

*** Yes
A = @, B = @.
----2> 
