
*** Yes
> > 
*** Yes
A = ===(@), X = @.
--1> 
*** No
--1> 
