
*** Yes
> > 
*** Yes
A = @, B = @('-34' => @).
--1> 
*** Yes
A = @, B = @('-34' => @), C = ['-34'].
----2> 
*** No
----2> > 
*** Yes
A = @, B = @(34 => @).
--1> 
*** Yes
A = @, B = @(34 => @), C = [34].
----2> 
*** Yes
A = @, B = @(34 => @), C = [34], D = 68.
------3> > 
