
*** Yes
> > youpi
true
*** No
> tant pis
true
*** No
> 
