
*** Yes
> > 
*** Yes
A = k.
--1> 
*** Yes
A = l.
--1> 
*** No
> 
*** Yes
A = a.
--1> 
*** Yes
A = b.
--1> 
*** No
> > 
