
*** Yes
> > 
*** Yes
A = real~, B = real~, C = real~.
--1> 
*** No
> 
*** Yes
A = real~, B = real~.
--1> 
*** Yes
A = 1, B = 45.
----2> 
*** No
--1> 
*** No
--1> 
*** No
--1> 
*** Yes
A = 24, B = 0.
----2> 
*** No
--1> 
*** No
> 
*** No
> 
*** Yes
A = 0.
--1> 
*** No
> 
*** Yes
A = real~, B = real~.
--1> 
*** No
> 
*** No
> 
*** No
> 
*** No
> 
*** Yes
A = real, B = real.
--1> > 
*** Yes
A = real~, B = real~, C = real~.
--1> 
*** Yes
A = real~, B = real~, C = real~.
----2> 
*** No
----2> 
*** Yes
A = 1, B = 1, C = 1.
------3> 
*** No
----2> 
*** No
----2> 
*** Yes
A = 1, B = 56, C = 56.
------3> > 
*** Yes
A = 0, B = real.
--1> > 
*** Yes
A = real~, B = real~, C = real~.
--1> 
*** No
--1> 
*** No
--1> 
*** No
--1> > 
*** No
> > 
*** Yes
C = real~.
--1> 
*** Yes
C = 6.
----2> 
*** No
--1> 
*** Yes
C = 7.
----2> > 
*** Yes
A = 5, B = -5, C = -5, D = 5.
--1> > 
*** Yes
E = -5.
--1> > 
*** Yes
A = -23 // 4.
--1> //(-23,4)
*** Yes
A = -23 // 4.
----2> > //(-23,-4)
*** Yes
> 
*** Yes
A = 1.
--1> > 
*** Yes
A = 1, X = 34.
--1> > 
*** No
> > 
*** No
> > 
