
*** Yes
> > 
*** Yes
A1 = @, A2 = @, A3 = @, A4 = @, A5 = @.
--1> 
*** Yes
A1 = @, A2 = @, A3 = @, A4 = @, A5 = @, B1 = @, B2 = @, B3 = @, B4 = @, B5 = @.
----2> 
*** Yes
A1 = @, A2 = @, A3 = @, A4 = @, A5 = @, C1 = @, C2 = @, C3 = @, C4 = @, C5 = @.
----2> 
*** No
--1> 
*** Yes
A1 = @, A2 = @, A3 = @, A4 = @, A5 = @, D1 = @, D2 = @, D3 = @, D4 = @, D5 = @.
----2> 
*** Yes
A1 = @, A2 = @, A3 = @, A4 = @, A5 = @, D1 = @, D2 = @, D3 = @, D4 = @, D5 = @.
------3> A1 = @, A2 = @, A3 = @, A4 = @, A5 = @, D1 = @, D2 = @, D3 = @, D4 = @, D5 = @.

*** Yes
A1 = @, A2 = @, A3 = @, A4 = @, A5 = @, D1 = @, D2 = @, D3 = @, D4 = @, D5 = @.
------3> 
*** Yes
A1 = @, A2 = @, A3 = @, A4 = @, A5 = @, D1 = @, D2 = @, D3 = @, D4 = @, D5 = @.
------3> 
*** Yes
A1 = @, 
A2 = @, 
A3 = @, 
A4 = @, 
A5 = @, 
D1 = @, 
D2 = @, 
D3 = @, 
D4 = @, 
D5 = @, 
E1 = @, 
E2 = @, 
E3 = @, 
E4 = @, 
E5 = @.

--------4> 
*** No
------3> 
*** No
----2> 
*** No
--1> 
*** No
> > 
*** Yes
A_SX_D__1 = @, 
A_SX_D__10 = @, 
A_SX_D__100 = @, 
A_SX_D__11 = @, 
A_SX_D__12 = @, 
A_SX_D__13 = @, 
A_SX_D__14 = @, 
A_SX_D__15 = @, 
A_SX_D__16 = @, 
A_SX_D__17 = @, 
A_SX_D__18 = @, 
A_SX_D__19 = @, 
A_SX_D__2 = @, 
A_SX_D__20 = @, 
A_SX_D__21 = @, 
A_SX_D__22 = @, 
A_SX_D__23 = @, 
A_SX_D__24 = @, 
A_SX_D__25 = @, 
A_SX_D__26 = @, 
A_SX_D__27 = @, 
A_SX_D__28 = @, 
A_SX_D__29 = @, 
A_SX_D__3 = @, 
A_SX_D__30 = @, 
A_SX_D__31 = @, 
A_SX_D__32 = @, 
A_SX_D__33 = @, 
A_SX_D__34 = @, 
A_SX_D__35 = @, 
A_SX_D__36 = @, 
A_SX_D__37 = @, 
A_SX_D__38 = @, 
A_SX_D__39 = @, 
A_SX_D__4 = @, 
A_SX_D__40 = @, 
A_SX_D__41 = @, 
A_SX_D__42 = @, 
A_SX_D__43 = @, 
A_SX_D__44 = @, 
A_SX_D__45 = @, 
A_SX_D__46 = @, 
A_SX_D__47 = @, 
A_SX_D__48 = @, 
A_SX_D__49 = @, 
A_SX_D__5 = @, 
A_SX_D__50 = @, 
A_SX_D__51 = @, 
A_SX_D__52 = @, 
A_SX_D__53 = @, 
A_SX_D__54 = @, 
A_SX_D__55 = @, 
A_SX_D__56 = @, 
A_SX_D__57 = @, 
A_SX_D__58 = @, 
A_SX_D__59 = @, 
A_SX_D__6 = @, 
A_SX_D__60 = @, 
A_SX_D__61 = @, 
A_SX_D__62 = @, 
A_SX_D__63 = @, 
A_SX_D__64 = @, 
A_SX_D__65 = @, 
A_SX_D__66 = @, 
A_SX_D__67 = @, 
A_SX_D__68 = @, 
A_SX_D__69 = @, 
A_SX_D__7 = @, 
A_SX_D__70 = @, 
A_SX_D__71 = @, 
A_SX_D__72 = @, 
A_SX_D__73 = @, 
A_SX_D__74 = @, 
A_SX_D__75 = @, 
A_SX_D__76 = @, 
A_SX_D__77 = @, 
A_SX_D__78 = @, 
A_SX_D__79 = @, 
A_SX_D__8 = @, 
A_SX_D__80 = @, 
A_SX_D__81 = @, 
A_SX_D__82 = @, 
A_SX_D__83 = @, 
A_SX_D__84 = @, 
A_SX_D__85 = @, 
A_SX_D__86 = @, 
A_SX_D__87 = @, 
A_SX_D__88 = @, 
A_SX_D__89 = @, 
A_SX_D__9 = @, 
A_SX_D__90 = @, 
A_SX_D__91 = @, 
A_SX_D__92 = @, 
A_SX_D__93 = @, 
A_SX_D__94 = @, 
A_SX_D__95 = @, 
A_SX_D__96 = @, 
A_SX_D__97 = @, 
A_SX_D__98 = @, 
A_SX_D__99 = @.

--1> @@
*** Yes
A_SX_D__1 = @, 
A_SX_D__10 = @, 
A_SX_D__100 = @, 
A_SX_D__11 = @, 
A_SX_D__12 = @, 
A_SX_D__13 = @, 
A_SX_D__14 = @, 
A_SX_D__15 = @, 
A_SX_D__16 = @, 
A_SX_D__17 = @, 
A_SX_D__18 = @, 
A_SX_D__19 = @, 
A_SX_D__2 = @, 
A_SX_D__20 = @, 
A_SX_D__21 = @, 
A_SX_D__22 = @, 
A_SX_D__23 = @, 
A_SX_D__24 = @, 
A_SX_D__25 = @, 
A_SX_D__26 = @, 
A_SX_D__27 = @, 
A_SX_D__28 = @, 
A_SX_D__29 = @, 
A_SX_D__3 = @, 
A_SX_D__30 = @, 
A_SX_D__31 = @, 
A_SX_D__32 = @, 
A_SX_D__33 = @, 
A_SX_D__34 = @, 
A_SX_D__35 = @, 
A_SX_D__36 = @, 
A_SX_D__37 = @, 
A_SX_D__38 = @, 
A_SX_D__39 = @, 
A_SX_D__4 = @, 
A_SX_D__40 = @, 
A_SX_D__41 = @, 
A_SX_D__42 = @, 
A_SX_D__43 = @, 
A_SX_D__44 = @, 
A_SX_D__45 = @, 
A_SX_D__46 = @, 
A_SX_D__47 = @, 
A_SX_D__48 = @, 
A_SX_D__49 = @, 
A_SX_D__5 = @, 
A_SX_D__50 = @, 
A_SX_D__51 = @, 
A_SX_D__52 = @, 
A_SX_D__53 = @, 
A_SX_D__54 = @, 
A_SX_D__55 = @, 
A_SX_D__56 = @, 
A_SX_D__57 = @, 
A_SX_D__58 = @, 
A_SX_D__59 = @, 
A_SX_D__6 = @, 
A_SX_D__60 = @, 
A_SX_D__61 = @, 
A_SX_D__62 = @, 
A_SX_D__63 = @, 
A_SX_D__64 = @, 
A_SX_D__65 = @, 
A_SX_D__66 = @, 
A_SX_D__67 = @, 
A_SX_D__68 = @, 
A_SX_D__69 = @, 
A_SX_D__7 = @, 
A_SX_D__70 = @, 
A_SX_D__71 = @, 
A_SX_D__72 = @, 
A_SX_D__73 = @, 
A_SX_D__74 = @, 
A_SX_D__75 = @, 
A_SX_D__76 = @, 
A_SX_D__77 = @, 
A_SX_D__78 = @, 
A_SX_D__79 = @, 
A_SX_D__8 = @, 
A_SX_D__80 = @, 
A_SX_D__81 = @, 
A_SX_D__82 = @, 
A_SX_D__83 = @, 
A_SX_D__84 = @, 
A_SX_D__85 = @, 
A_SX_D__86 = @, 
A_SX_D__87 = @, 
A_SX_D__88 = @, 
A_SX_D__89 = @, 
A_SX_D__9 = @, 
A_SX_D__90 = @, 
A_SX_D__91 = @, 
A_SX_D__92 = @, 
A_SX_D__93 = @, 
A_SX_D__94 = @, 
A_SX_D__95 = @, 
A_SX_D__96 = @, 
A_SX_D__97 = @, 
A_SX_D__98 = @, 
A_SX_D__99 = @.

----2> 
*** No
--1> 
*** No
> 
