
*** Yes
> > > > > > > > []

*** Yes
> > [a,b,c]

*** Yes
> > [a,b|c]

*** Yes
> > [a,b,c,d,c]

*** Yes
C = c.
--1> 
