
*** Yes
> > 
*** Yes
A = 0.841471, B = 0.523599, C = real~, D = real~.
--1> 
*** Yes
A = 0.841471, B = 0.523599, C = 0.841471, D = 1.
----2> 
*** No
--1> 
*** Yes
A = 0.841471, B = 0.523599, C = 0.5, D = 0.523599.
----2> > 
*** Yes
A = 0.540302, B = 1.0472, C = real~, D = real~.
--1> 
*** Yes
A = 0.540302, B = 1.0472, C = 0.540302, D = 1.
----2> 
*** No
--1> 
*** Yes
A = 0.540302, B = 1.0472, C = 0.5, D = 1.0472.
----2> > 
*** Yes
A = 1.55741, B = 0.463648, C = real~, D = real~.
--1> 
*** Yes
A = 1.55741, B = 0.463648, C = 1.55741, D = 1.
----2> 
*** No
--1> 
*** Yes
A = 1.55741, B = 0.463648, C = 0.5, D = 0.463648.
----2> > 
