
*** Yes
> > 11
*** Yes
X = 1.
--1> > 11
*** Yes
X = 1.
--1> > s(1,1)s(1,1)
*** Yes
X = 1.
--1> > s(1,1)s(1,1)
*** Yes
X = 1.
--1> 
