
*** Yes
> > > > 
*** Yes
> 
*** Yes
> 
*** Yes
> > 
*** No
> 
*** Yes
> 
*** Yes
> > 
*** Yes
X = [1,2,3].
--1> 
*** Yes
X = int_cons(1,[2,3]).
----2> 
*** Yes
X = int_cons(1,[2,3]), Y = 3.
------3> 
