
*** Yes
> > 
*** Yes
A = 1872.
--1> 
*** Yes
A = 1872, B = -1873.
----2> 1872 bitwise negated = -1873
*** Yes
A = 1872, B = -1873.
------3> 
