
*** Yes
> > 
*** Yes
X = a.
--1> 
*** Yes
X = a.
--1> 
*** Yes
X = a.
----2> 
*** Yes
X = a.
--1> 
*** Yes
X = a.
----2> 
*** Yes
X = a.
----2> > > 
