
*** Yes
> > > > > 
*** Yes
--1> 
*** Yes
--1> 
*** No
> 
*** Yes
A = [1,2|X] -- X, B = [3,4|Y] -- Y, X = @, Y = @.
--1> 
*** Yes
A = _A: [1,2|X] -- X, B = X -- Y, C = _A -- Y, X = [3,4|Y], Y = @.
----2> 
