
*** Yes
> > 
*** Yes
> 
*** Yes
Q = p(X), X = a.
--1> 
*** No
> 
*** Yes
Q = p(X), X = a.
--1> 
