
*** Yes
> > > > 
*** Yes
> 
*** Yes
> > 
*** Yes
> > 5 7 35 
*** Yes
A = 35.
--1> 
*** No
> 5 1 4 1 3 1 2 1 1 1 0 1 1 2 6 24 120 
*** Yes
B = 120.
--1> 
*** No
> > > > 
