
*** Yes
> > [3,2,1]

*** Yes
> [2.23607,49,120]

*** Yes
> 
