
*** Yes
> > 
*** Yes
A = @, X = @~.
--1> 
*** Yes
A = f(X), X = 3.3.
----2> > 
*** Yes
A = @, X = @~.
--1> 
*** Yes
A = 5, X = @~.
----2> 
*** No
A = 5, X = @~.
----2> > 
