
*** Yes
> > A cat is a furry feline

*** Yes
--1> 
*** No
> 
