
*** Yes
> > 2
1
*** Yes
X = 1.
--1> 
*** No
> > 
